Microsoft Windows [Version 10.0.19042.1348]
(c) Microsoft Corporation. All rights reserved.

C:\Users\nprasad>cd Desktop\GIt

C:\Users\nprasad\Desktop\GIt>git init
Reinitialized existing Git repository in C:/Users/nprasad/Desktop/GIt/.git/

C:\Users\nprasad\Desktop\GIt>git add .

C:\Users\nprasad\Desktop\GIt>git status
On branch master
nothing to commit, working tree clean

C:\Users\nprasad\Desktop\GIt>git commit -m "my new file"
On branch master
nothing to commit, working tree clean

C:\Users\nprasad\Desktop\GIt>git status
On branch master
nothing to commit, working tree clean

C:\Users\nprasad\Desktop\GIt>git ls-files
.gitignore
index.html
index.js

C:\Users\nprasad\Desktop\GIt>git config --global user.email "itsprasadnaik@gmail.com"

# Open git bash here by rightclicking on desktop
nprasad@zeo-avd-3 MINGW64 ~/Desktop
$ ssh-keygen -t rsa -b 4096 -C "itsprasadnaik@gmail.com"
Generating public/private rsa key pair.
Enter file in which to save the key (/c/Users/nprasad/.ssh/id_rsa):
Enter passphrase (empty for no passphrase):
Enter same passphrase again:
Your identification has been saved in /c/Users/nprasad/.ssh/id_rsa
Your public key has been saved in /c/Users/nprasad/.ssh/id_rsa.pub
The key fingerprint is:
SHA256:/W6eoDyqW2lM+naaBvFV5xF5F8cCI7m227iFJrMPDZ4 itsprasadnaik@gmail.com
The key's randomart image is:
+---[RSA 4096]----+
|          ..++ oo|
|          o.+.o +|
|         . + o o |
|    .   ..o .    |
|     o..S...     |
|    .+.o +.o     |
|    ..= E =+o    |
|     +oooBo+o.   |
|    o==++oo++    |
+----[SHA256]-----+

nprasad@zeo-avd-3 MINGW64 ~/Desktop
$ ssh-agent -s
SSH_AUTH_SOCK=/tmp/ssh-YkueHzHYHP14/agent.511; export SSH_AUTH_SOCK;
SSH_AGENT_PID=512; export SSH_AGENT_PID;
echo Agent pid 512;

nprasad@zeo-avd-3 MINGW64 ~/Desktop
$ eval $(ssh-agent -s)
Agent pid 517

nprasad@zeo-avd-3 MINGW64 ~/Desktop
$ ssh-add ~/.ssh/id_rsa.pub
Error loading key "/c/Users/nprasad/.ssh/id_rsa.pub": invalid format

nprasad@zeo-avd-3 MINGW64 ~/Desktop
$ ssh-add ~/.ssh/id_rsa
Enter passphrase for /c/Users/nprasad/.ssh/id_rsa:
Identity added: /c/Users/nprasad/.ssh/id_rsa (itsprasadnaik@gmail.com)

nprasad@zeo-avd-3 MINGW64 ~/Desktop
$ ssh-add ~/.ssh/id_rsa.pub
Error loading key "/c/Users/nprasad/.ssh/id_rsa.pub": invalid format

nprasad@zeo-avd-3 MINGW64 ~/Desktop
$ ssh-add ~/.ssh/id_rsa.pub
Error loading key "/c/Users/nprasad/.ssh/id_rsa.pub": invalid format

nprasad@zeo-avd-3 MINGW64 ~/Desktop
$ clip < ~/.ssh/id_rsa.pub

nprasad@zeo-avd-3 MINGW64 ~/Desktop
$


C:\Users\nprasad\Desktop\GIt>git remote add origin git@github.com:ItsPrasadNaik/ssh-file.git


C:\Users\nprasad\Desktop\GIt>git push -u origin master
Enter passphrase for key '/c/Users/nprasad/.ssh/id_rsa':
Enumerating objects: 5, done.
Counting objects: 100% (5/5), done.
Delta compression using up to 4 threads
Compressing objects: 100% (2/2), done.
Writing objects: 100% (5/5), 395 bytes | 395.00 KiB/s, done.
Total 5 (delta 0), reused 0 (delta 0), pack-reused 0
To github.com:ItsPrasadNaik/ssh-file.git
 * [new branch]      master -> master
Branch 'master' set up to track remote branch 'master' from 'origin'.

C:\Users\nprasad\Desktop\GIt>